ARM Linker, 5.03 [Build 76] [MDK-ARM Standard]

==============================================================================

Section Cross References

    startup_stm32f10x_hd.o(RESET) refers to startup_stm32f10x_hd.o(.text) for Reset_Handler
    startup_stm32f10x_hd.o(RESET) refers to stm32f10x_it.o(.text) for NMI_Handler
    startup_stm32f10x_hd.o(RESET) refers to can.o(.text) for USB_LP_CAN1_RX0_IRQHandler
    startup_stm32f10x_hd.o(.text) refers to startup_stm32f10x_hd.o(STACK) for __initial_sp
    startup_stm32f10x_hd.o(.text) refers to entry.o(.ARM.Collect$$$$00000000) for __main
    main.o(.text) refers to stm32f10x_rcc.o(.text) for RCC_APB2PeriphClockCmd
    main.o(.text) refers to stm32f10x_gpio.o(.text) for GPIO_Init
    main.o(.text) refers to app.o(.text) for delay
    main.o(.text) refers to can.o(.text) for can_tx
    main.o(.text) refers to system_stm32f10x.o(.text) for SystemInit
    main.o(.text) refers to led.o(.text) for LED_GPIO_Config
    main.o(.text) refers to lcd.o(.text) for lcd_gpio_config
    main.o(.text) refers to i2c.o(.text) for sw_i2c_init
    main.o(.text) refers to main.o(.constdata) for .constdata
    usart1.o(.text) refers to stm32f10x_rcc.o(.text) for RCC_APB2PeriphClockCmd
    usart1.o(.text) refers to stm32f10x_gpio.o(.text) for GPIO_Init
    usart1.o(.text) refers to stm32f10x_usart.o(.text) for USART_Init
    can.o(.text) refers to misc.o(.text) for NVIC_PriorityGroupConfig
    can.o(.text) refers to stm32f10x_rcc.o(.text) for RCC_APB2PeriphClockCmd
    can.o(.text) refers to stm32f10x_gpio.o(.text) for GPIO_Init
    can.o(.text) refers to stm32f10x_can.o(.text) for CAN_DeInit
    led.o(.text) refers to stm32f10x_rcc.o(.text) for RCC_APB2PeriphClockCmd
    led.o(.text) refers to stm32f10x_gpio.o(.text) for GPIO_Init
    lcd.o(.text) refers to stm32f10x_rcc.o(.text) for RCC_APB2PeriphClockCmd
    lcd.o(.text) refers to stm32f10x_gpio.o(.text) for GPIO_Init
    lcd.o(.text) refers to app.o(.text) for delay
    lcd.o(.text) refers to lcd.o(.data) for ComTable
    lcd.o(.text) refers to lcd.o(.constdata) for DATA_BUF_32
    i2c.o(.text) refers to stm32f10x_rcc.o(.text) for RCC_APB2PeriphClockCmd
    i2c.o(.text) refers to stm32f10x_gpio.o(.text) for GPIO_Init
    stm32f10x_gpio.o(.text) refers to stm32f10x_rcc.o(.text) for RCC_APB2PeriphResetCmd
    stm32f10x_rcc.o(.text) refers to stm32f10x_rcc.o(.data) for APBAHBPrescTable
    stm32f10x_usart.o(.text) refers to stm32f10x_rcc.o(.text) for RCC_APB2PeriphResetCmd
    stm32f10x_can.o(.text) refers to stm32f10x_rcc.o(.text) for RCC_APB1PeriphResetCmd
    entry.o(.ARM.Collect$$$$00000000) refers (Special) to entry10a.o(.ARM.Collect$$$$0000000D) for __rt_final_cpp
    entry.o(.ARM.Collect$$$$00000000) refers (Special) to entry11a.o(.ARM.Collect$$$$0000000F) for __rt_final_exit
    entry.o(.ARM.Collect$$$$00000000) refers (Special) to entry7b.o(.ARM.Collect$$$$00000008) for _main_clock
    entry.o(.ARM.Collect$$$$00000000) refers (Special) to entry8b.o(.ARM.Collect$$$$0000000A) for _main_cpp_init
    entry.o(.ARM.Collect$$$$00000000) refers (Special) to entry9a.o(.ARM.Collect$$$$0000000B) for _main_init
    entry.o(.ARM.Collect$$$$00000000) refers (Special) to entry5.o(.ARM.Collect$$$$00000004) for _main_scatterload
    entry.o(.ARM.Collect$$$$00000000) refers (Special) to entry2.o(.ARM.Collect$$$$00000001) for _main_stk
    entry2.o(.ARM.Collect$$$$00000001) refers to entry2.o(.ARM.Collect$$$$00002712) for __lit__00000000
    entry2.o(.ARM.Collect$$$$00002712) refers to startup_stm32f10x_hd.o(STACK) for __initial_sp
    entry2.o(__vectab_stack_and_reset_area) refers to startup_stm32f10x_hd.o(STACK) for __initial_sp
    entry2.o(__vectab_stack_and_reset_area) refers to entry.o(.ARM.Collect$$$$00000000) for __main
    entry5.o(.ARM.Collect$$$$00000004) refers to init.o(.text) for __scatterload
    entry9a.o(.ARM.Collect$$$$0000000B) refers to main.o(.text) for main
    entry9b.o(.ARM.Collect$$$$0000000C) refers to main.o(.text) for main
    init.o(.text) refers to entry5.o(.ARM.Collect$$$$00000004) for __main_after_scatterload


==============================================================================

Removing Unused input sections from the image.

    Removing startup_stm32f10x_hd.o(HEAP), (0 bytes).
    Removing usart1.o(.text), (512 bytes).
    Removing can.o(.data), (5 bytes).
    Removing stm32f10x_usart.o(.text), (880 bytes).
    Removing core_cm3.o(.emb_text), (32 bytes).
    Removing system_stm32f10x.o(.constdata), (20 bytes).

6 unused section(s) (total 1449 bytes) removed from the image.

==============================================================================

Image Symbol Table

    Local Symbols

    Symbol Name                              Value     Ov Type        Size  Object(Section)

    ../clib/microlib/init/entry.s            0x00000000   Number         0  entry11b.o ABSOLUTE
    ../clib/microlib/init/entry.s            0x00000000   Number         0  entry.o ABSOLUTE
    ../clib/microlib/init/entry.s            0x00000000   Number         0  entry11a.o ABSOLUTE
    ../clib/microlib/init/entry.s            0x00000000   Number         0  entry10a.o ABSOLUTE
    ../clib/microlib/init/entry.s            0x00000000   Number         0  entry9b.o ABSOLUTE
    ../clib/microlib/init/entry.s            0x00000000   Number         0  entry9a.o ABSOLUTE
    ../clib/microlib/init/entry.s            0x00000000   Number         0  entry2.o ABSOLUTE
    ../clib/microlib/init/entry.s            0x00000000   Number         0  entry8b.o ABSOLUTE
    ../clib/microlib/init/entry.s            0x00000000   Number         0  entry8a.o ABSOLUTE
    ../clib/microlib/init/entry.s            0x00000000   Number         0  entry10b.o ABSOLUTE
    ../clib/microlib/init/entry.s            0x00000000   Number         0  entry5.o ABSOLUTE
    ../clib/microlib/init/entry.s            0x00000000   Number         0  entry7b.o ABSOLUTE
    ../clib/microlib/init/entry.s            0x00000000   Number         0  entry7a.o ABSOLUTE
    ..\CMSIS\core_cm3.c                      0x00000000   Number         0  core_cm3.o ABSOLUTE
    ..\CMSIS\startup\startup_stm32f10x_hd.s  0x00000000   Number         0  startup_stm32f10x_hd.o ABSOLUTE
    ..\CMSIS\system_stm32f10x.c              0x00000000   Number         0  system_stm32f10x.o ABSOLUTE
    ..\FWlib\src\misc.c                      0x00000000   Number         0  misc.o ABSOLUTE
    ..\FWlib\src\stm32f10x_can.c             0x00000000   Number         0  stm32f10x_can.o ABSOLUTE
    ..\FWlib\src\stm32f10x_gpio.c            0x00000000   Number         0  stm32f10x_gpio.o ABSOLUTE
    ..\FWlib\src\stm32f10x_rcc.c             0x00000000   Number         0  stm32f10x_rcc.o ABSOLUTE
    ..\FWlib\src\stm32f10x_usart.c           0x00000000   Number         0  stm32f10x_usart.o ABSOLUTE
    ..\\CMSIS\\core_cm3.c                    0x00000000   Number         0  core_cm3.o ABSOLUTE
    app.c                                    0x00000000   Number         0  app.o ABSOLUTE
    can.c                                    0x00000000   Number         0  can.o ABSOLUTE
    dc.s                                     0x00000000   Number         0  dc.o ABSOLUTE
    handlers.s                               0x00000000   Number         0  handlers.o ABSOLUTE
    i2c.c                                    0x00000000   Number         0  i2c.o ABSOLUTE
    init.s                                   0x00000000   Number         0  init.o ABSOLUTE
    lcd.c                                    0x00000000   Number         0  lcd.o ABSOLUTE
    led.c                                    0x00000000   Number         0  led.o ABSOLUTE
    main.c                                   0x00000000   Number         0  main.o ABSOLUTE
    stm32f10x_it.c                           0x00000000   Number         0  stm32f10x_it.o ABSOLUTE
    temperature.c                            0x00000000   Number         0  temperature.o ABSOLUTE
    usart1.c                                 0x00000000   Number         0  usart1.o ABSOLUTE
    RESET                                    0x08000000   Section      304  startup_stm32f10x_hd.o(RESET)
    .ARM.Collect$$$$00000000                 0x08000130   Section        0  entry.o(.ARM.Collect$$$$00000000)
    .ARM.Collect$$$$00000001                 0x08000130   Section        4  entry2.o(.ARM.Collect$$$$00000001)
    .ARM.Collect$$$$00000004                 0x08000134   Section        4  entry5.o(.ARM.Collect$$$$00000004)
    .ARM.Collect$$$$00000008                 0x08000138   Section        0  entry7b.o(.ARM.Collect$$$$00000008)
    .ARM.Collect$$$$0000000A                 0x08000138   Section        0  entry8b.o(.ARM.Collect$$$$0000000A)
    .ARM.Collect$$$$0000000B                 0x08000138   Section        8  entry9a.o(.ARM.Collect$$$$0000000B)
    .ARM.Collect$$$$0000000D                 0x08000140   Section        0  entry10a.o(.ARM.Collect$$$$0000000D)
    .ARM.Collect$$$$0000000F                 0x08000140   Section        0  entry11a.o(.ARM.Collect$$$$0000000F)
    .ARM.Collect$$$$00002712                 0x08000140   Section        4  entry2.o(.ARM.Collect$$$$00002712)
    __lit__00000000                          0x08000140   Data           4  entry2.o(.ARM.Collect$$$$00002712)
    .text                                    0x08000144   Section       48  startup_stm32f10x_hd.o(.text)
    .text                                    0x08000174   Section        0  main.o(.text)
    .text                                    0x080002d8   Section        0  stm32f10x_it.o(.text)
    .text                                    0x080002f4   Section        0  can.o(.text)
    .text                                    0x080004b0   Section        0  led.o(.text)
    .text                                    0x080004e8   Section        0  app.o(.text)
    .text                                    0x08000528   Section        0  lcd.o(.text)
    .text                                    0x080007f4   Section        0  i2c.o(.text)
    .text                                    0x08000a80   Section        0  stm32f10x_gpio.o(.text)
    .text                                    0x08000dac   Section        0  stm32f10x_rcc.o(.text)
    .text                                    0x0800114c   Section        0  stm32f10x_can.o(.text)
    CheckITStatus                            0x0800173b   Thumb Code    16  stm32f10x_can.o(.text)
    .text                                    0x080018e0   Section        0  misc.o(.text)
    .text                                    0x080019bc   Section        0  system_stm32f10x.o(.text)
    SetSysClockTo72                          0x080019bd   Thumb Code   218  system_stm32f10x.o(.text)
    SetSysClock                              0x08001a97   Thumb Code     8  system_stm32f10x.o(.text)
    .text                                    0x08001af4   Section       36  init.o(.text)
    i.__scatterload_copy                     0x08001b18   Section       14  handlers.o(i.__scatterload_copy)
    i.__scatterload_null                     0x08001b26   Section        2  handlers.o(i.__scatterload_null)
    i.__scatterload_zeroinit                 0x08001b28   Section       14  handlers.o(i.__scatterload_zeroinit)
    .constdata                               0x08001b38   Section       16  main.o(.constdata)
    .constdata                               0x08001b48   Section       80  lcd.o(.constdata)
    .data                                    0x20000000   Section        8  lcd.o(.data)
    ComTable                                 0x20000000   Data           8  lcd.o(.data)
    .data                                    0x20000008   Section       20  stm32f10x_rcc.o(.data)
    APBAHBPrescTable                         0x20000008   Data          16  stm32f10x_rcc.o(.data)
    ADCPrescTable                            0x20000018   Data           4  stm32f10x_rcc.o(.data)
    STACK                                    0x20000020   Section      512  startup_stm32f10x_hd.o(STACK)

    Global Symbols

    Symbol Name                              Value     Ov Type        Size  Object(Section)

    BuildAttributes$$THM_ISAv4$P$D$K$B$S$PE$A:L22UL41UL21$X:L11$S22US41US21$IEEE1$IW$USESV6$~STKCKD$USESV7$~SHL$OSPACE$EBA8$MICROLIB$REQ8$PRES8$EABIv2 0x00000000   Number         0  anon$$obj.o ABSOLUTE
    __ARM_use_no_argv                        0x00000000   Number         0  main.o ABSOLUTE
    __cpp_initialize__aeabi_                  - Undefined Weak Reference
    __cxa_finalize                            - Undefined Weak Reference
    __decompress                              - Undefined Weak Reference
    _clock_init                               - Undefined Weak Reference
    _microlib_exit                            - Undefined Weak Reference
    __Vectors_Size                           0x00000130   Number         0  startup_stm32f10x_hd.o ABSOLUTE
    __Vectors                                0x08000000   Data           4  startup_stm32f10x_hd.o(RESET)
    __Vectors_End                            0x08000130   Data           0  startup_stm32f10x_hd.o(RESET)
    __main                                   0x08000131   Thumb Code     0  entry.o(.ARM.Collect$$$$00000000)
    _main_stk                                0x08000131   Thumb Code     0  entry2.o(.ARM.Collect$$$$00000001)
    _main_scatterload                        0x08000135   Thumb Code     0  entry5.o(.ARM.Collect$$$$00000004)
    __main_after_scatterload                 0x08000139   Thumb Code     0  entry5.o(.ARM.Collect$$$$00000004)
    _main_clock                              0x08000139   Thumb Code     0  entry7b.o(.ARM.Collect$$$$00000008)
    _main_cpp_init                           0x08000139   Thumb Code     0  entry8b.o(.ARM.Collect$$$$0000000A)
    _main_init                               0x08000139   Thumb Code     0  entry9a.o(.ARM.Collect$$$$0000000B)
    __rt_final_cpp                           0x08000141   Thumb Code     0  entry10a.o(.ARM.Collect$$$$0000000D)
    __rt_final_exit                          0x08000141   Thumb Code     0  entry11a.o(.ARM.Collect$$$$0000000F)
    SystemInit_ExtMemCtl                     0x08000145   Thumb Code     2  startup_stm32f10x_hd.o(.text)
    Reset_Handler                            0x08000147   Thumb Code    14  startup_stm32f10x_hd.o(.text)
    ADC1_2_IRQHandler                        0x08000167   Thumb Code     0  startup_stm32f10x_hd.o(.text)
    ADC3_IRQHandler                          0x08000167   Thumb Code     0  startup_stm32f10x_hd.o(.text)
    CAN1_RX1_IRQHandler                      0x08000167   Thumb Code     0  startup_stm32f10x_hd.o(.text)
    CAN1_SCE_IRQHandler                      0x08000167   Thumb Code     0  startup_stm32f10x_hd.o(.text)
    DMA1_Channel1_IRQHandler                 0x08000167   Thumb Code     0  startup_stm32f10x_hd.o(.text)
    DMA1_Channel2_IRQHandler                 0x08000167   Thumb Code     0  startup_stm32f10x_hd.o(.text)
    DMA1_Channel3_IRQHandler                 0x08000167   Thumb Code     0  startup_stm32f10x_hd.o(.text)
    DMA1_Channel4_IRQHandler                 0x08000167   Thumb Code     0  startup_stm32f10x_hd.o(.text)
    DMA1_Channel5_IRQHandler                 0x08000167   Thumb Code     0  startup_stm32f10x_hd.o(.text)
    DMA1_Channel6_IRQHandler                 0x08000167   Thumb Code     0  startup_stm32f10x_hd.o(.text)
    DMA1_Channel7_IRQHandler                 0x08000167   Thumb Code     0  startup_stm32f10x_hd.o(.text)
    DMA2_Channel1_IRQHandler                 0x08000167   Thumb Code     0  startup_stm32f10x_hd.o(.text)
    DMA2_Channel2_IRQHandler                 0x08000167   Thumb Code     0  startup_stm32f10x_hd.o(.text)
    DMA2_Channel3_IRQHandler                 0x08000167   Thumb Code     0  startup_stm32f10x_hd.o(.text)
    DMA2_Channel4_5_IRQHandler               0x08000167   Thumb Code     0  startup_stm32f10x_hd.o(.text)
    EXTI0_IRQHandler                         0x08000167   Thumb Code     0  startup_stm32f10x_hd.o(.text)
    EXTI15_10_IRQHandler                     0x08000167   Thumb Code     0  startup_stm32f10x_hd.o(.text)
    EXTI1_IRQHandler                         0x08000167   Thumb Code     0  startup_stm32f10x_hd.o(.text)
    EXTI2_IRQHandler                         0x08000167   Thumb Code     0  startup_stm32f10x_hd.o(.text)
    EXTI3_IRQHandler                         0x08000167   Thumb Code     0  startup_stm32f10x_hd.o(.text)
    EXTI4_IRQHandler                         0x08000167   Thumb Code     0  startup_stm32f10x_hd.o(.text)
    EXTI9_5_IRQHandler                       0x08000167   Thumb Code     0  startup_stm32f10x_hd.o(.text)
    FLASH_IRQHandler                         0x08000167   Thumb Code     0  startup_stm32f10x_hd.o(.text)
    FSMC_IRQHandler                          0x08000167   Thumb Code     0  startup_stm32f10x_hd.o(.text)
    I2C1_ER_IRQHandler                       0x08000167   Thumb Code     0  startup_stm32f10x_hd.o(.text)
    I2C1_EV_IRQHandler                       0x08000167   Thumb Code     0  startup_stm32f10x_hd.o(.text)
    I2C2_ER_IRQHandler                       0x08000167   Thumb Code     0  startup_stm32f10x_hd.o(.text)
    I2C2_EV_IRQHandler                       0x08000167   Thumb Code     0  startup_stm32f10x_hd.o(.text)
    PVD_IRQHandler                           0x08000167   Thumb Code     0  startup_stm32f10x_hd.o(.text)
    RCC_IRQHandler                           0x08000167   Thumb Code     0  startup_stm32f10x_hd.o(.text)
    RTCAlarm_IRQHandler                      0x08000167   Thumb Code     0  startup_stm32f10x_hd.o(.text)
    RTC_IRQHandler                           0x08000167   Thumb Code     0  startup_stm32f10x_hd.o(.text)
    SDIO_IRQHandler                          0x08000167   Thumb Code     0  startup_stm32f10x_hd.o(.text)
    SPI1_IRQHandler                          0x08000167   Thumb Code     0  startup_stm32f10x_hd.o(.text)
    SPI2_IRQHandler                          0x08000167   Thumb Code     0  startup_stm32f10x_hd.o(.text)
    SPI3_IRQHandler                          0x08000167   Thumb Code     0  startup_stm32f10x_hd.o(.text)
    TAMPER_IRQHandler                        0x08000167   Thumb Code     0  startup_stm32f10x_hd.o(.text)
    TIM1_BRK_IRQHandler                      0x08000167   Thumb Code     0  startup_stm32f10x_hd.o(.text)
    TIM1_CC_IRQHandler                       0x08000167   Thumb Code     0  startup_stm32f10x_hd.o(.text)
    TIM1_TRG_COM_IRQHandler                  0x08000167   Thumb Code     0  startup_stm32f10x_hd.o(.text)
    TIM1_UP_IRQHandler                       0x08000167   Thumb Code     0  startup_stm32f10x_hd.o(.text)
    TIM2_IRQHandler                          0x08000167   Thumb Code     0  startup_stm32f10x_hd.o(.text)
    TIM3_IRQHandler                          0x08000167   Thumb Code     0  startup_stm32f10x_hd.o(.text)
    TIM4_IRQHandler                          0x08000167   Thumb Code     0  startup_stm32f10x_hd.o(.text)
    TIM5_IRQHandler                          0x08000167   Thumb Code     0  startup_stm32f10x_hd.o(.text)
    TIM6_IRQHandler                          0x08000167   Thumb Code     0  startup_stm32f10x_hd.o(.text)
    TIM7_IRQHandler                          0x08000167   Thumb Code     0  startup_stm32f10x_hd.o(.text)
    TIM8_BRK_IRQHandler                      0x08000167   Thumb Code     0  startup_stm32f10x_hd.o(.text)
    TIM8_CC_IRQHandler                       0x08000167   Thumb Code     0  startup_stm32f10x_hd.o(.text)
    TIM8_TRG_COM_IRQHandler                  0x08000167   Thumb Code     0  startup_stm32f10x_hd.o(.text)
    TIM8_UP_IRQHandler                       0x08000167   Thumb Code     0  startup_stm32f10x_hd.o(.text)
    UART4_IRQHandler                         0x08000167   Thumb Code     0  startup_stm32f10x_hd.o(.text)
    UART5_IRQHandler                         0x08000167   Thumb Code     0  startup_stm32f10x_hd.o(.text)
    USART1_IRQHandler                        0x08000167   Thumb Code     0  startup_stm32f10x_hd.o(.text)
    USART2_IRQHandler                        0x08000167   Thumb Code     0  startup_stm32f10x_hd.o(.text)
    USART3_IRQHandler                        0x08000167   Thumb Code     0  startup_stm32f10x_hd.o(.text)
    USBWakeUp_IRQHandler                     0x08000167   Thumb Code     0  startup_stm32f10x_hd.o(.text)
    USB_HP_CAN1_TX_IRQHandler                0x08000167   Thumb Code     0  startup_stm32f10x_hd.o(.text)
    WWDG_IRQHandler                          0x08000167   Thumb Code     0  startup_stm32f10x_hd.o(.text)
    KeyInit                                  0x08000175   Thumb Code    76  main.o(.text)
    GetKey                                   0x080001c1   Thumb Code   152  main.o(.text)
    main                                     0x08000259   Thumb Code   112  main.o(.text)
    NMI_Handler                              0x080002d9   Thumb Code     2  stm32f10x_it.o(.text)
    HardFault_Handler                        0x080002db   Thumb Code     4  stm32f10x_it.o(.text)
    MemManage_Handler                        0x080002df   Thumb Code     4  stm32f10x_it.o(.text)
    BusFault_Handler                         0x080002e3   Thumb Code     4  stm32f10x_it.o(.text)
    UsageFault_Handler                       0x080002e7   Thumb Code     4  stm32f10x_it.o(.text)
    SVC_Handler                              0x080002eb   Thumb Code     2  stm32f10x_it.o(.text)
    DebugMon_Handler                         0x080002ed   Thumb Code     2  stm32f10x_it.o(.text)
    PendSV_Handler                           0x080002ef   Thumb Code     2  stm32f10x_it.o(.text)
    SysTick_Handler                          0x080002f1   Thumb Code     2  stm32f10x_it.o(.text)
    CAN_NVIC_Configuration                   0x080002f5   Thumb Code    50  can.o(.text)
    CAN_GPIO_Config                          0x08000327   Thumb Code    74  can.o(.text)
    CAN_INIT                                 0x08000371   Thumb Code   142  can.o(.text)
    can_tx                                   0x080003ff   Thumb Code    52  can.o(.text)
    USB_LP_CAN1_RX0_IRQHandler               0x08000433   Thumb Code   116  can.o(.text)
    LED_GPIO_Config                          0x080004b1   Thumb Code    50  led.o(.text)
    set_mem_value                            0x080004e9   Thumb Code    18  app.o(.text)
    delay                                    0x080004fb   Thumb Code    18  app.o(.text)
    delay_ms                                 0x0800050d   Thumb Code    28  app.o(.text)
    lcd_gpio_config                          0x08000529   Thumb Code    54  lcd.o(.text)
    write_lcd_commamd                        0x0800055f   Thumb Code   122  lcd.o(.text)
    write_lcd_data                           0x080005d9   Thumb Code   122  lcd.o(.text)
    lcd_clear                                0x08000653   Thumb Code    56  lcd.o(.text)
    lcd_init                                 0x0800068b   Thumb Code    94  lcd.o(.text)
    write_32byte                             0x080006e9   Thumb Code   120  lcd.o(.text)
    write_16byte                             0x08000761   Thumb Code   132  lcd.o(.text)
    sw_i2c_init                              0x080007f5   Thumb Code    40  i2c.o(.text)
    TWI_delay                                0x0800081d   Thumb Code    16  i2c.o(.text)
    sw_i2c_start                             0x0800082d   Thumb Code    86  i2c.o(.text)
    sw_i2c_stop                              0x08000883   Thumb Code    46  i2c.o(.text)
    sw_i2c_ack                               0x080008b1   Thumb Code    54  i2c.o(.text)
    sw_i2c_noack                             0x080008e7   Thumb Code    54  i2c.o(.text)
    sw_i2c_wait_ack                          0x0800091d   Thumb Code    74  i2c.o(.text)
    sw_i2c_send_byte                         0x08000967   Thumb Code    86  i2c.o(.text)
    sw_i2c_receive_byte                      0x080009bd   Thumb Code    82  i2c.o(.text)
    sw_i2c_read                              0x08000a0f   Thumb Code   100  i2c.o(.text)
    sw_i2c_write                             0x08000a73   Thumb Code     8  i2c.o(.text)
    GPIO_DeInit                              0x08000a81   Thumb Code   188  stm32f10x_gpio.o(.text)
    GPIO_AFIODeInit                          0x08000b3d   Thumb Code    20  stm32f10x_gpio.o(.text)
    GPIO_Init                                0x08000b51   Thumb Code   274  stm32f10x_gpio.o(.text)
    GPIO_StructInit                          0x08000c63   Thumb Code    16  stm32f10x_gpio.o(.text)
    GPIO_ReadInputDataBit                    0x08000c73   Thumb Code    18  stm32f10x_gpio.o(.text)
    GPIO_ReadInputData                       0x08000c85   Thumb Code     8  stm32f10x_gpio.o(.text)
    GPIO_ReadOutputDataBit                   0x08000c8d   Thumb Code    18  stm32f10x_gpio.o(.text)
    GPIO_ReadOutputData                      0x08000c9f   Thumb Code     8  stm32f10x_gpio.o(.text)
    GPIO_SetBits                             0x08000ca7   Thumb Code     4  stm32f10x_gpio.o(.text)
    GPIO_ResetBits                           0x08000cab   Thumb Code     4  stm32f10x_gpio.o(.text)
    GPIO_WriteBit                            0x08000caf   Thumb Code    10  stm32f10x_gpio.o(.text)
    GPIO_Write                               0x08000cb9   Thumb Code     4  stm32f10x_gpio.o(.text)
    GPIO_PinLockConfig                       0x08000cbd   Thumb Code    18  stm32f10x_gpio.o(.text)
    GPIO_EventOutputConfig                   0x08000ccf   Thumb Code    26  stm32f10x_gpio.o(.text)
    GPIO_EventOutputCmd                      0x08000ce9   Thumb Code     6  stm32f10x_gpio.o(.text)
    GPIO_PinRemapConfig                      0x08000cef   Thumb Code   106  stm32f10x_gpio.o(.text)
    GPIO_EXTILineConfig                      0x08000d59   Thumb Code    66  stm32f10x_gpio.o(.text)
    RCC_DeInit                               0x08000dad   Thumb Code    62  stm32f10x_rcc.o(.text)
    RCC_HSEConfig                            0x08000deb   Thumb Code    70  stm32f10x_rcc.o(.text)
    RCC_GetFlagStatus                        0x08000e31   Thumb Code    56  stm32f10x_rcc.o(.text)
    RCC_WaitForHSEStartUp                    0x08000e69   Thumb Code    54  stm32f10x_rcc.o(.text)
    RCC_AdjustHSICalibrationValue            0x08000e9f   Thumb Code    20  stm32f10x_rcc.o(.text)
    RCC_HSICmd                               0x08000eb3   Thumb Code     6  stm32f10x_rcc.o(.text)
    RCC_PLLConfig                            0x08000eb9   Thumb Code    24  stm32f10x_rcc.o(.text)
    RCC_PLLCmd                               0x08000ed1   Thumb Code     6  stm32f10x_rcc.o(.text)
    RCC_SYSCLKConfig                         0x08000ed7   Thumb Code    18  stm32f10x_rcc.o(.text)
    RCC_GetSYSCLKSource                      0x08000ee9   Thumb Code    10  stm32f10x_rcc.o(.text)
    RCC_HCLKConfig                           0x08000ef3   Thumb Code    18  stm32f10x_rcc.o(.text)
    RCC_PCLK1Config                          0x08000f05   Thumb Code    18  stm32f10x_rcc.o(.text)
    RCC_PCLK2Config                          0x08000f17   Thumb Code    20  stm32f10x_rcc.o(.text)
    RCC_ITConfig                             0x08000f2b   Thumb Code    26  stm32f10x_rcc.o(.text)
    RCC_USBCLKConfig                         0x08000f45   Thumb Code     6  stm32f10x_rcc.o(.text)
    RCC_ADCCLKConfig                         0x08000f4b   Thumb Code    18  stm32f10x_rcc.o(.text)
    RCC_LSEConfig                            0x08000f5d   Thumb Code    44  stm32f10x_rcc.o(.text)
    RCC_LSICmd                               0x08000f89   Thumb Code     6  stm32f10x_rcc.o(.text)
    RCC_RTCCLKConfig                         0x08000f8f   Thumb Code    12  stm32f10x_rcc.o(.text)
    RCC_RTCCLKCmd                            0x08000f9b   Thumb Code     8  stm32f10x_rcc.o(.text)
    RCC_GetClocksFreq                        0x08000fa3   Thumb Code   192  stm32f10x_rcc.o(.text)
    RCC_AHBPeriphClockCmd                    0x08001063   Thumb Code    26  stm32f10x_rcc.o(.text)
    RCC_APB2PeriphClockCmd                   0x0800107d   Thumb Code    26  stm32f10x_rcc.o(.text)
    RCC_APB1PeriphClockCmd                   0x08001097   Thumb Code    26  stm32f10x_rcc.o(.text)
    RCC_APB2PeriphResetCmd                   0x080010b1   Thumb Code    26  stm32f10x_rcc.o(.text)
    RCC_APB1PeriphResetCmd                   0x080010cb   Thumb Code    26  stm32f10x_rcc.o(.text)
    RCC_BackupResetCmd                       0x080010e5   Thumb Code     8  stm32f10x_rcc.o(.text)
    RCC_ClockSecuritySystemCmd               0x080010ed   Thumb Code     6  stm32f10x_rcc.o(.text)
    RCC_MCOConfig                            0x080010f3   Thumb Code     6  stm32f10x_rcc.o(.text)
    RCC_ClearFlag                            0x080010f9   Thumb Code    14  stm32f10x_rcc.o(.text)
    RCC_GetITStatus                          0x08001107   Thumb Code    20  stm32f10x_rcc.o(.text)
    RCC_ClearITPendingBit                    0x0800111b   Thumb Code     6  stm32f10x_rcc.o(.text)
    CAN_DeInit                               0x0800114d   Thumb Code    36  stm32f10x_can.o(.text)
    CAN_Init                                 0x08001171   Thumb Code   276  stm32f10x_can.o(.text)
    CAN_FilterInit                           0x08001285   Thumb Code   258  stm32f10x_can.o(.text)
    CAN_StructInit                           0x08001387   Thumb Code    32  stm32f10x_can.o(.text)
    CAN_ITConfig                             0x080013a7   Thumb Code    18  stm32f10x_can.o(.text)
    CAN_Transmit                             0x080013b9   Thumb Code   294  stm32f10x_can.o(.text)
    CAN_TransmitStatus                       0x080014df   Thumb Code   152  stm32f10x_can.o(.text)
    CAN_CancelTransmit                       0x08001577   Thumb Code    48  stm32f10x_can.o(.text)
    CAN_FIFORelease                          0x080015a7   Thumb Code    14  stm32f10x_can.o(.text)
    CAN_MessagePending                       0x080015b5   Thumb Code    30  stm32f10x_can.o(.text)
    CAN_Receive                              0x080015d3   Thumb Code   234  stm32f10x_can.o(.text)
    CAN_DBGFreeze                            0x080016bd   Thumb Code    22  stm32f10x_can.o(.text)
    CAN_Sleep                                0x080016d3   Thumb Code    30  stm32f10x_can.o(.text)
    CAN_WakeUp                               0x080016f1   Thumb Code    48  stm32f10x_can.o(.text)
    CAN_GetFlagStatus                        0x08001721   Thumb Code    18  stm32f10x_can.o(.text)
    CAN_ClearFlag                            0x08001733   Thumb Code     8  stm32f10x_can.o(.text)
    CAN_GetITStatus                          0x0800174b   Thumb Code   238  stm32f10x_can.o(.text)
    CAN_ClearITPendingBit                    0x08001839   Thumb Code   166  stm32f10x_can.o(.text)
    NVIC_PriorityGroupConfig                 0x080018e1   Thumb Code    10  misc.o(.text)
    NVIC_Init                                0x080018eb   Thumb Code   102  misc.o(.text)
    NVIC_SetVectorTable                      0x08001951   Thumb Code    14  misc.o(.text)
    NVIC_SystemLPConfig                      0x0800195f   Thumb Code    34  misc.o(.text)
    SysTick_CLKSourceConfig                  0x08001981   Thumb Code    40  misc.o(.text)
    SystemInit                               0x08001a9f   Thumb Code    68  system_stm32f10x.o(.text)
    __scatterload                            0x08001af5   Thumb Code    28  init.o(.text)
    __scatterload_rt2                        0x08001af5   Thumb Code     0  init.o(.text)
    __scatterload_copy                       0x08001b19   Thumb Code    14  handlers.o(i.__scatterload_copy)
    __scatterload_null                       0x08001b27   Thumb Code     2  handlers.o(i.__scatterload_null)
    __scatterload_zeroinit                   0x08001b29   Thumb Code    14  handlers.o(i.__scatterload_zeroinit)
    DATA_BUF_32                              0x08001b48   Data          64  lcd.o(.constdata)
    DATA_BUF_16                              0x08001b88   Data          16  lcd.o(.constdata)
    Region$$Table$$Base                      0x08001b98   Number         0  anon$$obj.o(Region$$Table)
    Region$$Table$$Limit                     0x08001bb8   Number         0  anon$$obj.o(Region$$Table)
    __initial_sp                             0x20000220   Data           0  startup_stm32f10x_hd.o(STACK)



==============================================================================

Memory Map of the image

  Image Entry point : 0x08000147

  Load Region LR_1 (Base: 0x08000000, Size: 0x00001bd4, Max: 0xffffffff, ABSOLUTE)

    Execution Region ER_RO (Base: 0x08000000, Size: 0x00001bb8, Max: 0xffffffff, ABSOLUTE)

    Base Addr    Size         Type   Attr      Idx    E Section Name        Object

    0x08000000   0x00000130   Data   RO            3    RESET               startup_stm32f10x_hd.o
    0x08000130   0x00000000   Code   RO          280  * .ARM.Collect$$$$00000000  mc_w.l(entry.o)
    0x08000130   0x00000004   Code   RO          283    .ARM.Collect$$$$00000001  mc_w.l(entry2.o)
    0x08000134   0x00000004   Code   RO          286    .ARM.Collect$$$$00000004  mc_w.l(entry5.o)
    0x08000138   0x00000000   Code   RO          288    .ARM.Collect$$$$00000008  mc_w.l(entry7b.o)
    0x08000138   0x00000000   Code   RO          290    .ARM.Collect$$$$0000000A  mc_w.l(entry8b.o)
    0x08000138   0x00000008   Code   RO          291    .ARM.Collect$$$$0000000B  mc_w.l(entry9a.o)
    0x08000140   0x00000000   Code   RO          293    .ARM.Collect$$$$0000000D  mc_w.l(entry10a.o)
    0x08000140   0x00000000   Code   RO          295    .ARM.Collect$$$$0000000F  mc_w.l(entry11a.o)
    0x08000140   0x00000004   Code   RO          284    .ARM.Collect$$$$00002712  mc_w.l(entry2.o)
    0x08000144   0x00000030   Code   RO            4  * .text               startup_stm32f10x_hd.o
    0x08000174   0x00000164   Code   RO           10    .text               main.o
    0x080002d8   0x0000001a   Code   RO           70    .text               stm32f10x_it.o
    0x080002f2   0x00000002   PAD
    0x080002f4   0x000001bc   Code   RO          107    .text               can.o
    0x080004b0   0x00000038   Code   RO          126    .text               led.o
    0x080004e8   0x00000040   Code   RO          138    .text               app.o
    0x08000528   0x000002cc   Code   RO          150    .text               lcd.o
    0x080007f4   0x0000028c   Code   RO          178    .text               i2c.o
    0x08000a80   0x0000032c   Code   RO          190    .text               stm32f10x_gpio.o
    0x08000dac   0x000003a0   Code   RO          202    .text               stm32f10x_rcc.o
    0x0800114c   0x00000792   Code   RO          228    .text               stm32f10x_can.o
    0x080018de   0x00000002   PAD
    0x080018e0   0x000000dc   Code   RO          240    .text               misc.o
    0x080019bc   0x00000138   Code   RO          262    .text               system_stm32f10x.o
    0x08001af4   0x00000024   Code   RO          297    .text               mc_w.l(init.o)
    0x08001b18   0x0000000e   Code   RO          301    i.__scatterload_copy  mc_w.l(handlers.o)
    0x08001b26   0x00000002   Code   RO          302    i.__scatterload_null  mc_w.l(handlers.o)
    0x08001b28   0x0000000e   Code   RO          303    i.__scatterload_zeroinit  mc_w.l(handlers.o)
    0x08001b36   0x00000002   PAD
    0x08001b38   0x00000010   Data   RO           11    .constdata          main.o
    0x08001b48   0x00000050   Data   RO          151    .constdata          lcd.o
    0x08001b98   0x00000020   Data   RO          299    Region$$Table       anon$$obj.o


    Execution Region ER_RW (Base: 0x20000000, Size: 0x0000001c, Max: 0xffffffff, ABSOLUTE)

    Base Addr    Size         Type   Attr      Idx    E Section Name        Object

    0x20000000   0x00000008   Data   RW          152    .data               lcd.o
    0x20000008   0x00000014   Data   RW          203    .data               stm32f10x_rcc.o


    Execution Region ER_ZI (Base: 0x2000001c, Size: 0x00000204, Max: 0xffffffff, ABSOLUTE)

    Base Addr    Size         Type   Attr      Idx    E Section Name        Object

    0x2000001c   0x00000004   PAD
    0x20000020   0x00000200   Zero   RW            1    STACK               startup_stm32f10x_hd.o


==============================================================================

Image component sizes


      Code (inc. data)   RO Data    RW Data    ZI Data      Debug   Object Name

        64          0          0          0          0        871   app.o
       444         10          0          0          0       1460   can.o
       652          6          0          0          0       2723   i2c.o
       716         16         80          8          0       2746   lcd.o
        56          6          0          0          0        426   led.o
       356         16         16          0          0     225446   main.o
       220         20          0          0          0       1665   misc.o
        48         12        304          0        512        848   startup_stm32f10x_hd.o
      1938         10          0          0          0       6764   stm32f10x_can.o
       812         18          0          0          0       5035   stm32f10x_gpio.o
        26          0          0          0          0       1150   stm32f10x_it.o
       928         44          0         20          0       8636   stm32f10x_rcc.o
       312         18          0          0          0       1101   system_stm32f10x.o

    ----------------------------------------------------------------------
      6576        176        432         28        516     258871   Object Totals
         0          0         32          0          0          0   (incl. Generated)
         4          0          0          0          4          0   (incl. Padding)

    ----------------------------------------------------------------------

      Code (inc. data)   RO Data    RW Data    ZI Data      Debug   Library Member Name

         0          0          0          0          0          0   entry.o
         0          0          0          0          0          0   entry10a.o
         0          0          0          0          0          0   entry11a.o
         8          4          0          0          0          0   entry2.o
         4          0          0          0          0          0   entry5.o
         0          0          0          0          0          0   entry7b.o
         0          0          0          0          0          0   entry8b.o
         8          4          0          0          0          0   entry9a.o
        30          0          0          0          0          0   handlers.o
        36          8          0          0          0         68   init.o

    ----------------------------------------------------------------------
        88         16          0          0          0         68   Library Totals
         2          0          0          0          0          0   (incl. Padding)

    ----------------------------------------------------------------------

      Code (inc. data)   RO Data    RW Data    ZI Data      Debug   Library Name

        86         16          0          0          0         68   mc_w.l

    ----------------------------------------------------------------------
        88         16          0          0          0         68   Library Totals

    ----------------------------------------------------------------------

==============================================================================


      Code (inc. data)   RO Data    RW Data    ZI Data      Debug   

      6664        192        432         28        516     258055   Grand Totals
      6664        192        432         28        516     258055   ELF Image Totals
      6664        192        432         28          0          0   ROM Totals

==============================================================================

    Total RO  Size (Code + RO Data)                 7096 (   6.93kB)
    Total RW  Size (RW Data + ZI Data)               544 (   0.53kB)
    Total ROM Size (Code + RO Data + RW Data)       7124 (   6.96kB)

==============================================================================

