<html>
<body>
<pre>
<h1>µVision Build Log</h1>
<h2>Project:</h2>
D:\Danny\workspace\other\STM3\st_node\CAN_NODE\DEMO\USER\STM32-DEMO.uvproj
Project File Date:  12/19/2015

<h2>Output:</h2>
Rebuild target 'CAN-Loopback-DEMO'
assembling startup_stm32f10x_hd.s...
compiling main.c...
lcd.h(37): warning:  #1-D: last line of file ends without a newline
main.c(68): warning:  #177-D: variable "p" was declared but never referenced
compiling stm32f10x_it.c...
compiling usart1.c...
compiling can.c...
can.c(80): warning:  #177-D: variable "TxMessage" was declared but never referenced
compiling led.c...
compiling app.c...
app.c(14): warning:  #1-D: last line of file ends without a newline
compiling lcd.c...
lcd.h(37): warning:  #1-D: last line of file ends without a newline
lcd_data.h(17): warning:  #1-D: last line of file ends without a newline
compiling temperature.c...
temperature.h(5): warning:  #1-D: last line of file ends without a newline
compiling stm32f10x_gpio.c...
compiling stm32f10x_rcc.c...
compiling stm32f10x_usart.c...
compiling stm32f10x_can.c...
compiling misc.c...
compiling stm32f10x_i2c.c...
compiling core_cm3.c...
compiling system_stm32f10x.c...
linking...
Program Size: Code=5954 RO-data=418 RW-data=28 ZI-data=516  
FromELF: creating hex file...
"..\Output\STM32-DEMO.axf" - 0 Errors, 7 Warning(s).
Load "..\\Output\\STM32-DEMO.axf" 
Set JLink Project File to "D:\Danny\workspace\other\STM3\st_node\CAN_NODE\DEMO\USER\JLinkSettings.ini"
* JLink Info: Device "STM32F103C8" selected (64 KB flash, 20 KB RAM).
 
JLink info:
------------
DLL: V4.68a, compiled Apr 12 2013 13:26:50
Firmware: J-Link V9 compiled Apr 21 2015 18:10:40
Hardware: V9.20
Feature(s) : GDB, RDI, FlashBP, FlashDL, JFlash 
 
* JLink Info: TotalIRLen = 9, IRPrint = 0x0011
* JLink Info: TotalIRLen = 9, IRPrint = 0x0011
* JLink Info: Found Cortex-M3 r1p1, Little endian.
* JLink Info: TPIU fitted.
* JLink Info: FPUnit: 6 code (BP) slots and 2 literal slots
ROMTableAddr = 0xE00FF003
* JLink Info: Found Cortex-M3 r1p1, Little endian.
* JLink Info: TPIU fitted.
* JLink Info: FPUnit: 6 code (BP) slots and 2 literal slots
 
Target info:
------------
Device: STM32F103C8
VTarget = 3.296V
State of Pins: 
TCK: 1, TDI: 0, TDO: 1, TMS: 0, TRES: 1, TRST: 1
Hardware-Breakpoints: 6
Software-Breakpoints: 8192
Watchpoints:          4
JTAG speed: 2000 kHz
 
Full Chip Erase Done.
Programming Done.
Verify OK.
* JLink Info: Found Cortex-M3 r1p1, Little endian.
* JLink Info: TPIU fitted.
* JLink Info: FPUnit: 6 code (BP) slots and 2 literal slots
Application running ...
Rebuild target 'CAN-Loopback-DEMO'
assembling startup_stm32f10x_hd.s...
compiling main.c...
lcd.h(37): warning:  #1-D: last line of file ends without a newline
main.c(68): warning:  #177-D: variable "p" was declared but never referenced
compiling stm32f10x_it.c...
compiling usart1.c...
compiling can.c...
can.c(80): warning:  #177-D: variable "TxMessage" was declared but never referenced
compiling led.c...
compiling app.c...
app.c(14): warning:  #1-D: last line of file ends without a newline
compiling lcd.c...
lcd.h(37): warning:  #1-D: last line of file ends without a newline
lcd_data.h(17): warning:  #1-D: last line of file ends without a newline
compiling temperature.c...
temperature.h(5): warning:  #1-D: last line of file ends without a newline
compiling stm32f10x_gpio.c...
compiling stm32f10x_rcc.c...
compiling stm32f10x_usart.c...
compiling stm32f10x_can.c...
compiling misc.c...
compiling core_cm3.c...
compiling system_stm32f10x.c...
linking...
Program Size: Code=5954 RO-data=418 RW-data=28 ZI-data=516  
FromELF: creating hex file...
"..\Output\STM32-DEMO.axf" - 0 Errors, 7 Warning(s).
compiling app.c...
app.c(24): warning:  #1-D: last line of file ends without a newline
"app.c" - 0 Errors, 1 Warning(s).
Rebuild target 'CAN-Loopback-DEMO'
assembling startup_stm32f10x_hd.s...
compiling main.c...
lcd.h(37): warning:  #1-D: last line of file ends without a newline
main.c(68): warning:  #177-D: variable "p" was declared but never referenced
compiling stm32f10x_it.c...
compiling usart1.c...
compiling can.c...
can.c(80): warning:  #177-D: variable "TxMessage" was declared but never referenced
compiling led.c...
compiling app.c...
app.c(24): warning:  #1-D: last line of file ends without a newline
compiling lcd.c...
lcd.h(37): warning:  #1-D: last line of file ends without a newline
lcd_data.h(17): warning:  #1-D: last line of file ends without a newline
compiling temperature.c...
temperature.h(5): warning:  #1-D: last line of file ends without a newline
compiling i2c.c...
i2c.h(16): warning:  #1295-D: Deprecated declaration sw_i2c_init - give arg types
i2c.h(21): warning:  #1-D: last line of file ends without a newline
i2c.c(16): warning:  #1-D: last line of file ends without a newline
compiling stm32f10x_gpio.c...
compiling stm32f10x_rcc.c...
compiling stm32f10x_usart.c...
compiling stm32f10x_can.c...
compiling misc.c...
compiling core_cm3.c...
compiling system_stm32f10x.c...
linking...
Program Size: Code=5982 RO-data=418 RW-data=28 ZI-data=516  
FromELF: creating hex file...
"..\Output\STM32-DEMO.axf" - 0 Errors, 10 Warning(s).
Build target 'CAN-Loopback-DEMO'
compiling main.c...
lcd.h(37): warning:  #1-D: last line of file ends without a newline
main.c(68): warning:  #177-D: variable "p" was declared but never referenced
compiling app.c...
app.c(24): warning:  #1-D: last line of file ends without a newline
compiling lcd.c...
lcd.h(37): warning:  #1-D: last line of file ends without a newline
lcd_data.h(17): warning:  #1-D: last line of file ends without a newline
compiling i2c.c...
i2c.h(16): warning:  #1295-D: Deprecated declaration sw_i2c_init - give arg types
i2c.h(21): warning:  #1-D: last line of file ends without a newline
i2c.c(17): warning:  #1-D: last line of file ends without a newline
linking...
Program Size: Code=5982 RO-data=418 RW-data=28 ZI-data=516  
FromELF: creating hex file...
"..\Output\STM32-DEMO.axf" - 0 Errors, 8 Warning(s).
Build target 'CAN-Loopback-DEMO'
compiling i2c.c...
i2c.h(29): warning:  #1295-D: Deprecated declaration sw_i2c_init - give arg types
i2c.h(34): warning:  #1-D: last line of file ends without a newline
i2c.c(63): warning:  #1-D: last line of file ends without a newline
linking...
Program Size: Code=5982 RO-data=418 RW-data=28 ZI-data=516  
FromELF: creating hex file...
"..\Output\STM32-DEMO.axf" - 0 Errors, 3 Warning(s).
Build target 'CAN-Loopback-DEMO'
compiling i2c.c...
i2c.h(29): warning:  #1295-D: Deprecated declaration sw_i2c_init - give arg types
i2c.h(34): warning:  #1-D: last line of file ends without a newline
i2c.c(112): warning:  #1-D: last line of file ends without a newline
linking...
Program Size: Code=5982 RO-data=418 RW-data=28 ZI-data=516  
FromELF: creating hex file...
"..\Output\STM32-DEMO.axf" - 0 Errors, 3 Warning(s).
Build target 'CAN-Loopback-DEMO'
compiling i2c.c...
i2c.h(29): warning:  #1295-D: Deprecated declaration sw_i2c_init - give arg types
i2c.h(34): warning:  #1-D: last line of file ends without a newline
i2c.c(161): warning:  #1-D: last line of file ends without a newline
linking...
Program Size: Code=5982 RO-data=418 RW-data=28 ZI-data=516  
FromELF: creating hex file...
"..\Output\STM32-DEMO.axf" - 0 Errors, 3 Warning(s).
Build target 'CAN-Loopback-DEMO'
compiling main.c...
lcd.h(37): warning:  #1-D: last line of file ends without a newline
i2c.h(29): warning:  #1295-D: Deprecated declaration sw_i2c_init - give arg types
i2c.h(34): warning:  #1-D: last line of file ends without a newline
main.c(70): warning:  #177-D: variable "p" was declared but never referenced
compiling i2c.c...
i2c.h(29): warning:  #1295-D: Deprecated declaration sw_i2c_init - give arg types
i2c.h(34): warning:  #1-D: last line of file ends without a newline
i2c.c(161): warning:  #1-D: last line of file ends without a newline
linking...
Program Size: Code=6664 RO-data=432 RW-data=28 ZI-data=516  
FromELF: creating hex file...
"..\Output\STM32-DEMO.axf" - 0 Errors, 7 Warning(s).
Load "..\\Output\\STM32-DEMO.axf" 
Load "..\\Output\\STM32-DEMO.axf" 
Set JLink Project File to "D:\Danny\workspace\other\STM3\st_node\CAN_NODE\DEMO\USER\JLinkSettings.ini"
* JLink Info: Device "STM32F103C8" selected (64 KB flash, 20 KB RAM).
 
JLink info:
------------
DLL: V4.68a, compiled Apr 12 2013 13:26:50
Firmware: J-Link V9 compiled Apr 21 2015 18:10:40
Hardware: V9.20
Feature(s) : GDB, RDI, FlashBP, FlashDL, JFlash 
 
* JLink Info: TotalIRLen = 9, IRPrint = 0x0011
* JLink Info: TotalIRLen = 9, IRPrint = 0x0011
* JLink Info: Found Cortex-M3 r1p1, Little endian.
* JLink Info: TPIU fitted.
* JLink Info: FPUnit: 6 code (BP) slots and 2 literal slots
ROMTableAddr = 0xE00FF003
* JLink Info: Found Cortex-M3 r1p1, Little endian.
* JLink Info: TPIU fitted.
* JLink Info: FPUnit: 6 code (BP) slots and 2 literal slots
 
Target info:
------------
Device: STM32F103C8
VTarget = 3.298V
State of Pins: 
TCK: 1, TDI: 0, TDO: 1, TMS: 0, TRES: 1, TRST: 1
Hardware-Breakpoints: 6
Software-Breakpoints: 8192
Watchpoints:          4
JTAG speed: 2000 kHz
 
Full Chip Erase Done.
Programming Done.
Verify OK.
* JLink Info: Found Cortex-M3 r1p1, Little endian.
* JLink Info: TPIU fitted.
* JLink Info: FPUnit: 6 code (BP) slots and 2 literal slots
Application running ...
